BL51 BANKED LINKER/LOCATER V6.22                                                        07/19/2017  23:31:07  PAGE 1


BL51 BANKED LINKER/LOCATER V6.22, INVOKED BY:
E:\MYPROGRAM\MCU\KEIL\C51\BIN\BL51.EXE STARTUP.obj, test.obj TO test RAMSIZE (256)


MEMORY MODEL: SMALL


INPUT MODULES INCLUDED:
  STARTUP.obj (?C_STARTUP)
  test.obj (TEST)
  E:\MYPROGRAM\MCU\KEIL\C51\LIB\C51S.LIB (?C_INIT)


LINK MAP OF MODULE:  test (?C_STARTUP)


            TYPE    BASE      LENGTH    RELOCATION   SEGMENT NAME
            -----------------------------------------------------

            * * * * * * *   D A T A   M E M O R Y   * * * * * * *
            REG     0000H     0008H     ABSOLUTE     "REG BANK 0"
            DATA    0008H     0007H     UNIT         ?DT?TEST
                    000FH     0011H                  *** GAP ***
            BIT     0020H.0   0000H.4   UNIT         ?BI?TEST
                    0020H.4   0000H.4                *** GAP ***
            IDATA   0021H     0001H     UNIT         ?STACK

            * * * * * * *   C O D E   M E M O R Y   * * * * * * *
            CODE    0000H     0003H     ABSOLUTE     
                    0003H     0008H                  *** GAP ***
            CODE    000BH     0003H     ABSOLUTE     
            CODE    000EH     008CH     UNIT         ?C_C51STARTUP
            CODE    009AH     0032H     UNIT         ?PR?TIMER0?TEST
            CODE    00CCH     002CH     UNIT         ?PR?MAIN?TEST
            CODE    00F8H     0022H     UNIT         ?PR?PWM_OUT_LEFT_MOTO?TEST
            CODE    011AH     0022H     UNIT         ?PR?PWM_OUT_RIGHT_MOTO?TEST
            CODE    013CH     001CH     UNIT         ?C_INITSEG
            CODE    0158H     0013H     UNIT         ?PR?RUN?TEST
            CODE    016BH     0013H     UNIT         ?PR?BACK?TEST
            CODE    017EH     0013H     UNIT         ?PR?RIGHT?TEST
            CODE    0191H     0013H     UNIT         ?PR?LEFT?TEST
            CODE    01A4H     0010H     UNIT         ?PR?INIT?TEST
            CODE    01B4H     000DH     UNIT         ?PR?STOP?TEST



OVERLAY MAP OF MODULE:   test (?C_STARTUP)


SEGMENT
  +--> CALLED SEGMENT
---------------------
?C_C51STARTUP
  +--> ?PR?MAIN?TEST
  +--> ?C_INITSEG

?PR?MAIN?TEST
  +--> ?PR?INIT?TEST
BL51 BANKED LINKER/LOCATER V6.22                                                      07/19/2017  23:31:07  PAGE 2


  +--> ?PR?BACK?TEST
  +--> ?PR?RUN?TEST
  +--> ?PR?LEFT?TEST
  +--> ?PR?RIGHT?TEST
  +--> ?PR?STOP?TEST

*** NEW ROOT ***************************************************

?PR?TIMER0?TEST
  +--> ?PR?PWM_OUT_LEFT_MOTO?TEST
  +--> ?PR?PWM_OUT_RIGHT_MOTO?TEST



SYMBOL TABLE OF MODULE:  test (?C_STARTUP)

  VALUE           TYPE          NAME
  ----------------------------------

  -------         MODULE        ?C_STARTUP
  C:000EH         SEGMENT       ?C_C51STARTUP
  I:0021H         SEGMENT       ?STACK
  C:0000H         PUBLIC        ?C_STARTUP
  D:00E0H         SYMBOL        ACC
  D:00F0H         SYMBOL        B
  D:0083H         SYMBOL        DPH
  D:0082H         SYMBOL        DPL
  N:0000H         SYMBOL        IBPSTACK
  N:0100H         SYMBOL        IBPSTACKTOP
  N:0080H         SYMBOL        IDATALEN
  C:0011H         SYMBOL        IDATALOOP
  N:0000H         SYMBOL        PBPSTACK
  N:0100H         SYMBOL        PBPSTACKTOP
  N:0000H         SYMBOL        PDATALEN
  N:0000H         SYMBOL        PDATASTART
  N:0000H         SYMBOL        PPAGE
  N:0000H         SYMBOL        PPAGEENABLE
  D:00A0H         SYMBOL        PPAGE_SFR
  D:0081H         SYMBOL        SP
  C:000EH         SYMBOL        STARTUP1
  N:0000H         SYMBOL        XBPSTACK
  N:0000H         SYMBOL        XBPSTACKTOP
  N:0000H         SYMBOL        XDATALEN
  N:0000H         SYMBOL        XDATASTART
  C:0000H         LINE#         126
  C:000EH         LINE#         133
  C:0010H         LINE#         134
  C:0011H         LINE#         135
  C:0012H         LINE#         136
  C:0014H         LINE#         185
  C:0017H         LINE#         196
  -------         ENDMOD        ?C_STARTUP

  -------         MODULE        TEST
  C:0000H         SYMBOL        _ICE_DUMMY_
  D:0090H         PUBLIC        P1
  D:00B0H         PUBLIC        P3
BL51 BANKED LINKER/LOCATER V6.22                                                      07/19/2017  23:31:07  PAGE 3


  B:00A8H.7       PUBLIC        EA
  D:000AH         PUBLIC        pwm_val_left
  D:00A8H         PUBLIC        IE
  C:016BH         PUBLIC        back
  D:00B8H         PUBLIC        IP
  C:017EH         PUBLIC        right
  D:000BH         PUBLIC        flag_2s
  C:00CCH         PUBLIC        main
  C:0191H         PUBLIC        left
  C:011AH         PUBLIC        pwm_out_right_moto
  D:0098H         PUBLIC        SCON
  D:0089H         PUBLIC        TMOD
  D:0088H         PUBLIC        TCON
  C:01A4H         PUBLIC        init
  C:00F8H         PUBLIC        pwm_out_left_moto
  B:0090H.3       PUBLIC        RightB
  B:0020H.0       PUBLIC        EN1
  B:0020H.1       PUBLIC        EN2
  B:0090H.2       PUBLIC        RightF
  C:01B4H         PUBLIC        stop
  B:00A8H.1       PUBLIC        ET0
  D:008CH         PUBLIC        TH0
  B:0090H.1       PUBLIC        LeftB
  D:008AH         PUBLIC        TL0
  B:0090H.0       PUBLIC        LeftF
  C:009AH         PUBLIC        timer0
  B:0020H.2       PUBLIC        Right_PWM_ON
  C:0158H         PUBLIC        run
  B:0088H.4       PUBLIC        TR0
  B:0020H.3       PUBLIC        Left_PWM_ON
  D:00C8H         PUBLIC        T2CON
  D:000CH         PUBLIC        push_val_right
  D:000DH         PUBLIC        push_val_left
  D:00D0H         PUBLIC        PSW
  D:000EH         PUBLIC        pwm_val_right
  -------         PROC          INIT
  C:01A4H         LINE#         14
  C:01A4H         LINE#         15
  C:01A4H         LINE#         16
  C:01A7H         LINE#         17
  C:01AAH         LINE#         18
  C:01ADH         LINE#         19
  C:01AFH         LINE#         20
  C:01B1H         LINE#         21
  C:01B3H         LINE#         22
  -------         ENDPROC       INIT
  -------         PROC          RUN
  C:0158H         LINE#         24
  C:0158H         LINE#         25
  C:0158H         LINE#         26
  C:015AH         LINE#         27
  C:015CH         LINE#         28
  C:015FH         LINE#         29
  C:015FH         LINE#         30
  C:0161H         LINE#         31
  C:0163H         LINE#         32
  C:0163H         LINE#         33
BL51 BANKED LINKER/LOCATER V6.22                                                      07/19/2017  23:31:07  PAGE 4


  C:0166H         LINE#         34
  C:0166H         LINE#         35
  C:0168H         LINE#         36
  C:016AH         LINE#         37
  C:016AH         LINE#         38
  -------         ENDPROC       RUN
  -------         PROC          BACK
  C:016BH         LINE#         40
  C:016BH         LINE#         41
  C:016BH         LINE#         42
  C:016DH         LINE#         43
  C:016FH         LINE#         44
  C:0172H         LINE#         45
  C:0172H         LINE#         46
  C:0174H         LINE#         47
  C:0176H         LINE#         48
  C:0176H         LINE#         49
  C:0179H         LINE#         50
  C:0179H         LINE#         51
  C:017BH         LINE#         52
  C:017DH         LINE#         53
  C:017DH         LINE#         54
  -------         ENDPROC       BACK
  -------         PROC          RIGHT
  C:017EH         LINE#         56
  C:017EH         LINE#         57
  C:017EH         LINE#         58
  C:0180H         LINE#         59
  C:0182H         LINE#         60
  C:0185H         LINE#         61
  C:0185H         LINE#         62
  C:0187H         LINE#         63
  C:0189H         LINE#         64
  C:0189H         LINE#         65
  C:018CH         LINE#         66
  C:018CH         LINE#         67
  C:018EH         LINE#         68
  C:0190H         LINE#         69
  C:0190H         LINE#         70
  -------         ENDPROC       RIGHT
  -------         PROC          LEFT
  C:0191H         LINE#         72
  C:0191H         LINE#         73
  C:0191H         LINE#         74
  C:0193H         LINE#         75
  C:0195H         LINE#         76
  C:0198H         LINE#         77
  C:0198H         LINE#         78
  C:019AH         LINE#         79
  C:019CH         LINE#         80
  C:019CH         LINE#         81
  C:019FH         LINE#         82
  C:019FH         LINE#         83
  C:01A1H         LINE#         84
  C:01A3H         LINE#         85
  C:01A3H         LINE#         86
  -------         ENDPROC       LEFT
BL51 BANKED LINKER/LOCATER V6.22                                                      07/19/2017  23:31:07  PAGE 5


  -------         PROC          STOP
  C:01B4H         LINE#         88
  C:01B4H         LINE#         89
  C:01B4H         LINE#         90
  C:01B6H         LINE#         91
  C:01B8H         LINE#         92
  C:01BAH         LINE#         93
  C:01BCH         LINE#         94
  C:01BEH         LINE#         95
  C:01C0H         LINE#         96
  -------         ENDPROC       STOP
  -------         PROC          PWM_OUT_LEFT_MOTO
  C:00F8H         LINE#         101
  C:00F8H         LINE#         102
  C:00F8H         LINE#         103
  C:00FBH         LINE#         104
  C:00FBH         LINE#         105
  C:0102H         LINE#         106
  C:0102H         LINE#         107
  C:0104H         LINE#         108
  C:0106H         LINE#         110
  C:0106H         LINE#         111
  C:010AH         LINE#         112
  C:010CH         LINE#         113
  C:010CH         LINE#         114
  C:0113H         LINE#         115
  C:0113H         LINE#         116
  C:0116H         LINE#         117
  C:0116H         LINE#         118
  C:0117H         LINE#         120
  C:0119H         LINE#         121
  -------         ENDPROC       PWM_OUT_LEFT_MOTO
  -------         PROC          PWM_OUT_RIGHT_MOTO
  C:011AH         LINE#         123
  C:011AH         LINE#         124
  C:011AH         LINE#         125
  C:011DH         LINE#         126
  C:011DH         LINE#         127
  C:0124H         LINE#         128
  C:0124H         LINE#         129
  C:0126H         LINE#         130
  C:0128H         LINE#         132
  C:0128H         LINE#         133
  C:012AH         LINE#         134
  C:012EH         LINE#         135
  C:012EH         LINE#         136
  C:0135H         LINE#         137
  C:0135H         LINE#         138
  C:0138H         LINE#         139
  C:0138H         LINE#         140
  C:0139H         LINE#         142
  C:013BH         LINE#         143
  -------         ENDPROC       PWM_OUT_RIGHT_MOTO
  -------         PROC          TIMER0
  -------         DO            
  D:0008H         SYMBOL        cnt
  -------         ENDDO         
BL51 BANKED LINKER/LOCATER V6.22                                                      07/19/2017  23:31:07  PAGE 6


  C:009AH         LINE#         145
  C:009EH         LINE#         148
  C:00A1H         LINE#         149
  C:00A4H         LINE#         150
  C:00A6H         LINE#         151
  C:00A8H         LINE#         152
  C:00ABH         LINE#         153
  C:00AEH         LINE#         154
  C:00B6H         LINE#         155
  C:00BFH         LINE#         156
  C:00BFH         LINE#         157
  C:00C1H         LINE#         158
  C:00C7H         LINE#         159
  C:00C7H         LINE#         160
  -------         ENDPROC       TIMER0
  -------         PROC          MAIN
  C:00CCH         LINE#         162
  C:00CCH         LINE#         163
  C:00CCH         LINE#         164
  C:00CFH         LINE#         165
  C:00CFH         LINE#         166
  C:00CFH         LINE#         167
  C:00DFH         LINE#         168
  C:00DFH         LINE#         169
  C:00E4H         LINE#         170
  C:00E9H         LINE#         171
  C:00EEH         LINE#         172
  C:00F3H         LINE#         173
  -------         ENDPROC       MAIN
  -------         ENDMOD        TEST

Program Size: data=16.4 xdata=0 code=441
LINK/LOCATE RUN COMPLETE.  0 WARNING(S),  0 ERROR(S)
