BL51 BANKED LINKER/LOCATER V6.22                                                        08/03/2017  23:13:56  PAGE 1


BL51 BANKED LINKER/LOCATER V6.22, INVOKED BY:
E:\MYPROGRAM\MCU\KEIL\C51\BIN\BL51.EXE STARTUP.obj, test.obj TO test RAMSIZE (256)


MEMORY MODEL: SMALL


INPUT MODULES INCLUDED:
  STARTUP.obj (?C_STARTUP)
  test.obj (TEST)
  E:\MYPROGRAM\MCU\KEIL\C51\LIB\C51S.LIB (?C_INIT)
  E:\MYPROGRAM\MCU\KEIL\C51\LIB\C51S.LIB (?C?SLDIV)
  E:\MYPROGRAM\MCU\KEIL\C51\LIB\C51S.LIB (?C?ULDIV)


LINK MAP OF MODULE:  test (?C_STARTUP)


            TYPE    BASE      LENGTH    RELOCATION   SEGMENT NAME
            -----------------------------------------------------

            * * * * * * *   D A T A   M E M O R Y   * * * * * * *
            REG     0000H     0008H     ABSOLUTE     "REG BANK 0"
            DATA    0008H     0008H     UNIT         ?DT?TEST
                    0010H     0010H                  *** GAP ***
            BIT     0020H.0   0000H.1   UNIT         ?BI?TEST
            BIT     0020H.1   0000H.1   UNIT         _BIT_GROUP_
                    0020H.2   0000H.6                *** GAP ***
            IDATA   0021H     0001H     UNIT         ?STACK

            * * * * * * *   C O D E   M E M O R Y   * * * * * * *
            CODE    0000H     0003H     ABSOLUTE     
                    0003H     0008H                  *** GAP ***
            CODE    000BH     0003H     ABSOLUTE     
            CODE    000EH     000BH     UNIT         ?PR?ACTION1S?TEST
                    0019H     000AH                  *** GAP ***
            CODE    0023H     0003H     ABSOLUTE     
            CODE    0026H     00CEH     UNIT         ?C?LIB_CODE
            CODE    00F4H     008CH     UNIT         ?C_C51STARTUP
            CODE    0180H     0049H     UNIT         ?PR?INTERRUPTTIMER0?TEST
            CODE    01C9H     0044H     UNIT         ?C?LDIV
            CODE    020DH     002FH     UNIT         ?PR?MAIN?TEST
            CODE    023CH     0028H     UNIT         ?PR?_CONFIGUART?TEST
            CODE    0264H     0017H     UNIT         ?PR?CONFIGTIMER0?TEST
            CODE    027BH     0017H     UNIT         ?C_INITSEG
            CODE    0292H     000BH     UNIT         ?PR?INTERRUPTUART?TEST



OVERLAY MAP OF MODULE:   test (?C_STARTUP)


SEGMENT                             BIT_GROUP 
  +--> CALLED SEGMENT            START    LENGTH
------------------------------------------------
?C_C51STARTUP                    -----    -----
  +--> ?PR?MAIN?TEST
  +--> ?C_INITSEG
BL51 BANKED LINKER/LOCATER V6.22                                                      08/03/2017  23:13:56  PAGE 2



?PR?MAIN?TEST                    0020H.1  0000H.1
  +--> ?PR?CONFIGTIMER0?TEST
  +--> ?PR?_CONFIGUART?TEST
  +--> ?PR?ACTION1S?TEST



SYMBOL TABLE OF MODULE:  test (?C_STARTUP)

  VALUE           TYPE          NAME
  ----------------------------------

  -------         MODULE        ?C_STARTUP
  C:00F4H         SEGMENT       ?C_C51STARTUP
  I:0021H         SEGMENT       ?STACK
  C:0000H         PUBLIC        ?C_STARTUP
  D:00E0H         SYMBOL        ACC
  D:00F0H         SYMBOL        B
  D:0083H         SYMBOL        DPH
  D:0082H         SYMBOL        DPL
  N:0000H         SYMBOL        IBPSTACK
  N:0100H         SYMBOL        IBPSTACKTOP
  N:0080H         SYMBOL        IDATALEN
  C:00F7H         SYMBOL        IDATALOOP
  N:0000H         SYMBOL        PBPSTACK
  N:0100H         SYMBOL        PBPSTACKTOP
  N:0000H         SYMBOL        PDATALEN
  N:0000H         SYMBOL        PDATASTART
  N:0000H         SYMBOL        PPAGE
  N:0000H         SYMBOL        PPAGEENABLE
  D:00A0H         SYMBOL        PPAGE_SFR
  D:0081H         SYMBOL        SP
  C:00F4H         SYMBOL        STARTUP1
  N:0000H         SYMBOL        XBPSTACK
  N:0000H         SYMBOL        XBPSTACKTOP
  N:0000H         SYMBOL        XDATALEN
  N:0000H         SYMBOL        XDATASTART
  C:0000H         LINE#         126
  C:00F4H         LINE#         133
  C:00F6H         LINE#         134
  C:00F7H         LINE#         135
  C:00F8H         LINE#         136
  C:00FAH         LINE#         185
  C:00FDH         LINE#         196
  -------         ENDMOD        ?C_STARTUP

  -------         MODULE        TEST
  C:0000H         SYMBOL        _ICE_DUMMY_
  D:0080H         PUBLIC        P0
  D:0090H         PUBLIC        P1
  D:00B0H         PUBLIC        P3
  B:00A8H.7       PUBLIC        EA
  C:0180H         PUBLIC        InterruptTimer0
  D:00A8H         PUBLIC        IE
  C:0264H         PUBLIC        ConfigTimer0
  C:0292H         PUBLIC        InterruptUART
BL51 BANKED LINKER/LOCATER V6.22                                                      08/03/2017  23:13:56  PAGE 3


  D:000BH         PUBLIC        keysta
  C:023CH         PUBLIC        _ConfigUART
  B:00A8H.4       PUBLIC        ES
  D:00B8H         PUBLIC        IP
  B:0098H.0       PUBLIC        RI
  B:0098H.1       PUBLIC        TI
  D:000CH         PUBLIC        T0RH
  D:000DH         PUBLIC        T0RL
  C:020DH         PUBLIC        main
  C:000EH         PUBLIC        action1s
  D:0099H         PUBLIC        SBUF
  D:0098H         PUBLIC        SCON
  D:0089H         PUBLIC        TMOD
  D:0088H         PUBLIC        TCON
  D:000EH         PUBLIC        rad
  B:0020H.0       PUBLIC        flag1s
  B:00A8H.1       PUBLIC        ET0
  B:00A8H.3       PUBLIC        ET1
  D:008CH         PUBLIC        TH0
  D:008DH         PUBLIC        TH1
  D:008AH         PUBLIC        TL0
  D:008BH         PUBLIC        TL1
  B:0088H.4       PUBLIC        TR0
  B:0088H.6       PUBLIC        TR1
  B:0080H.1       PUBLIC        out
  D:00C8H         PUBLIC        T2CON
  D:00D0H         PUBLIC        PSW
  -------         PROC          MAIN
  -------         DO            
  B:0020H.1       SYMBOL        keybk
  -------         ENDDO         
  C:020DH         LINE#         15
  C:020DH         LINE#         16
  C:020DH         LINE#         17
  C:020FH         LINE#         18
  C:0211H         LINE#         19
  C:0214H         LINE#         20
  C:021BH         LINE#         21
  C:021BH         LINE#         22
  C:021BH         LINE#         23
  C:021EH         LINE#         24
  C:021EH         LINE#         25
  C:0221H         LINE#         26
  C:0221H         LINE#         27
  C:0229H         LINE#         28
  C:0229H         LINE#         29
  C:022CH         LINE#         30
  C:022CH         LINE#         31
  C:0234H         LINE#         32
  C:0234H         LINE#         33
  C:023AH         LINE#         34
  C:023AH         LINE#         35
  -------         ENDPROC       MAIN
  -------         PROC          ACTION1S
  C:000EH         LINE#         38
  C:000EH         LINE#         39
  C:000EH         LINE#         40
BL51 BANKED LINKER/LOCATER V6.22                                                      08/03/2017  23:13:56  PAGE 4


  C:0010H         LINE#         41
  C:0013H         LINE#         42
  C:0018H         LINE#         43
  -------         ENDPROC       ACTION1S
  -------         PROC          CONFIGTIMER0
  C:0264H         LINE#         45
  C:0264H         LINE#         46
  C:0264H         LINE#         47
  C:0267H         LINE#         48
  C:026AH         LINE#         49
  C:026DH         LINE#         50
  C:0270H         LINE#         51
  C:0273H         LINE#         52
  C:0276H         LINE#         53
  C:0278H         LINE#         54
  C:027AH         LINE#         55
  -------         ENDPROC       CONFIGTIMER0
  -------         PROC          _CONFIGUART
  D:0006H         SYMBOL        baud
  C:023CH         LINE#         57
  C:023CH         LINE#         58
  C:023CH         LINE#         59
  C:023FH         LINE#         60
  C:0242H         LINE#         61
  C:0245H         LINE#         62
  C:025AH         LINE#         63
  C:025DH         LINE#         64
  C:025FH         LINE#         65
  C:0261H         LINE#         66
  C:0263H         LINE#         67
  -------         ENDPROC       _CONFIGUART
  -------         PROC          INTERRUPTTIMER0
  -------         DO            
  D:0008H         SYMBOL        cnt
  D:000AH         SYMBOL        keybf
  -------         ENDDO         
  C:0180H         LINE#         69
  C:0189H         LINE#         73
  C:018CH         LINE#         74
  C:018FH         LINE#         75
  C:019BH         LINE#         76
  C:019DH         LINE#         77
  C:019DH         LINE#         78
  C:019FH         LINE#         79
  C:01A1H         LINE#         80
  C:01A6H         LINE#         81
  C:01A6H         LINE#         82
  C:01A9H         LINE#         83
  C:01A9H         LINE#         84
  C:01B1H         LINE#         85
  C:01BAH         LINE#         86
  C:01BAH         LINE#         87
  C:01C0H         LINE#         88
  C:01C2H         LINE#         89
  C:01C2H         LINE#         90
  -------         ENDPROC       INTERRUPTTIMER0
  -------         PROC          INTERRUPTUART
BL51 BANKED LINKER/LOCATER V6.22                                                      08/03/2017  23:13:56  PAGE 5


  C:0292H         LINE#         92
  C:0292H         LINE#         94
  C:0295H         LINE#         95
  C:0295H         LINE#         96
  C:0297H         LINE#         97
  C:0297H         LINE#         98
  C:029AH         LINE#         99
  C:029AH         LINE#         100
  C:029CH         LINE#         101
  C:029CH         LINE#         102
  -------         ENDPROC       INTERRUPTUART
  -------         ENDMOD        TEST

  -------         MODULE        ?C?SLDIV
  C:01C9H         PUBLIC        ?C?SLDIV
  -------         ENDMOD        ?C?SLDIV

  -------         MODULE        ?C?ULDIV
  C:0062H         PUBLIC        ?C?ULDIV
  -------         ENDMOD        ?C?ULDIV

Program Size: data=17.2 xdata=0 code=651
LINK/LOCATE RUN COMPLETE.  0 WARNING(S),  0 ERROR(S)
