BL51 BANKED LINKER/LOCATER V6.22                                                        07/13/2017  20:26:50  PAGE 1


BL51 BANKED LINKER/LOCATER V6.22, INVOKED BY:
E:\MYPROGRAM\MCU\KEIL\C51\BIN\BL51.EXE STARTUP.obj, test.obj TO test RAMSIZE (256)


MEMORY MODEL: SMALL


INPUT MODULES INCLUDED:
  STARTUP.obj (?C_STARTUP)
  test.obj (TEST)
  E:\MYPROGRAM\MCU\KEIL\C51\LIB\C51S.LIB (?C_INIT)
  E:\MYPROGRAM\MCU\KEIL\C51\LIB\C51S.LIB (?C?LMUL)
  E:\MYPROGRAM\MCU\KEIL\C51\LIB\C51S.LIB (?C?ULDIV)
  E:\MYPROGRAM\MCU\KEIL\C51\LIB\C51S.LIB (?C?SLDIV)
  E:\MYPROGRAM\MCU\KEIL\C51\LIB\C51S.LIB (?C?SLCMP)


LINK MAP OF MODULE:  test (?C_STARTUP)


            TYPE    BASE      LENGTH    RELOCATION   SEGMENT NAME
            -----------------------------------------------------

            * * * * * * *   D A T A   M E M O R Y   * * * * * * *
            REG     0000H     0008H     ABSOLUTE     "REG BANK 0"
            DATA    0008H     0005H     UNIT         _DATA_GROUP_
            DATA    000DH     0004H     UNIT         ?DT?TEST
            IDATA   0011H     0001H     UNIT         ?STACK

            * * * * * * *   C O D E   M E M O R Y   * * * * * * *
            CODE    0000H     0003H     ABSOLUTE     
            CODE    0003H     0007H     UNIT         ?PR?CLSPWM?TEST
                    000AH     0001H                  *** GAP ***
            CODE    000BH     0003H     ABSOLUTE     
            CODE    000EH     0133H     UNIT         ?C?LIB_CODE
            CODE    0141H     0113H     UNIT         ?PR?MAIN?TEST
            CODE    0254H     008CH     UNIT         ?C_C51STARTUP
            CODE    02E0H     0071H     UNIT         ?PR?_CFGPWM?TEST
            CODE    0351H     0044H     UNIT         ?C?LDIV
            CODE    0395H     0015H     UNIT         ?PR?INTERRUPTTIMER0?TEST
            CODE    03AAH     000DH     UNIT         ?C_INITSEG



OVERLAY MAP OF MODULE:   test (?C_STARTUP)


SEGMENT                            DATA_GROUP 
  +--> CALLED SEGMENT            START    LENGTH
------------------------------------------------
?C_C51STARTUP                    -----    -----
  +--> ?PR?MAIN?TEST
  +--> ?C_INITSEG

?PR?MAIN?TEST                    -----    -----
  +--> ?PR?_CFGPWM?TEST
  +--> ?PR?CLSPWM?TEST

BL51 BANKED LINKER/LOCATER V6.22                                                      07/13/2017  20:26:50  PAGE 2


?PR?_CFGPWM?TEST                 0008H    0005H



SYMBOL TABLE OF MODULE:  test (?C_STARTUP)

  VALUE           TYPE          NAME
  ----------------------------------

  -------         MODULE        ?C_STARTUP
  C:0254H         SEGMENT       ?C_C51STARTUP
  I:0011H         SEGMENT       ?STACK
  C:0000H         PUBLIC        ?C_STARTUP
  D:00E0H         SYMBOL        ACC
  D:00F0H         SYMBOL        B
  D:0083H         SYMBOL        DPH
  D:0082H         SYMBOL        DPL
  N:0000H         SYMBOL        IBPSTACK
  N:0100H         SYMBOL        IBPSTACKTOP
  N:0080H         SYMBOL        IDATALEN
  C:0257H         SYMBOL        IDATALOOP
  N:0000H         SYMBOL        PBPSTACK
  N:0100H         SYMBOL        PBPSTACKTOP
  N:0000H         SYMBOL        PDATALEN
  N:0000H         SYMBOL        PDATASTART
  N:0000H         SYMBOL        PPAGE
  N:0000H         SYMBOL        PPAGEENABLE
  D:00A0H         SYMBOL        PPAGE_SFR
  D:0081H         SYMBOL        SP
  C:0254H         SYMBOL        STARTUP1
  N:0000H         SYMBOL        XBPSTACK
  N:0000H         SYMBOL        XBPSTACKTOP
  N:0000H         SYMBOL        XDATALEN
  N:0000H         SYMBOL        XDATASTART
  C:0000H         LINE#         126
  C:0254H         LINE#         133
  C:0256H         LINE#         134
  C:0257H         LINE#         135
  C:0258H         LINE#         136
  C:025AH         LINE#         185
  C:025DH         LINE#         196
  -------         ENDMOD        ?C_STARTUP

  -------         MODULE        TEST
  C:0000H         SYMBOL        _ICE_DUMMY_
  D:0090H         PUBLIC        P1
  D:00B0H         PUBLIC        P3
  B:00A8H.7       PUBLIC        EA
  C:02E4H         PUBLIC        _CfgPWM
  C:0395H         PUBLIC        InterruptTimer0
  D:00A8H         PUBLIC        IE
  C:0003H         PUBLIC        ClsPWM
  D:00B8H         PUBLIC        IP
  D:000DH         PUBLIC        HighRH
  D:000EH         PUBLIC        HighRL
  C:0141H         PUBLIC        main
  D:0098H         PUBLIC        SCON
BL51 BANKED LINKER/LOCATER V6.22                                                      07/13/2017  20:26:50  PAGE 3


  D:0089H         PUBLIC        TMOD
  D:0088H         PUBLIC        TCON
  B:00A8H.1       PUBLIC        ET0
  D:008CH         PUBLIC        TH0
  D:000FH         PUBLIC        LowRH
  B:0090H.7       PUBLIC        PWMout
  D:008AH         PUBLIC        TL0
  D:0010H         PUBLIC        LowRL
  B:0088H.4       PUBLIC        TR0
  D:00C8H         PUBLIC        T2CON
  D:00D0H         PUBLIC        PSW
  -------         PROC          MAIN
  -------         DO            
  D:0082H         SYMBOL        i
  -------         ENDDO         
  C:0141H         LINE#         14
  C:0141H         LINE#         15
  C:0141H         LINE#         17
  C:0143H         LINE#         18
  C:0143H         LINE#         19
  C:0143H         LINE#         20
  C:0148H         LINE#         21
  C:0161H         LINE#         22
  C:0164H         LINE#         23
  C:0169H         LINE#         24
  C:0184H         LINE#         25
  C:0187H         LINE#         26
  C:018CH         LINE#         27
  C:01A7H         LINE#         28
  C:01AAH         LINE#         29
  C:01AFH         LINE#         30
  C:01CAH         LINE#         31
  C:01CDH         LINE#         32
  C:01D2H         LINE#         33
  C:01EDH         LINE#         34
  C:01F0H         LINE#         35
  C:01F5H         LINE#         36
  C:0210H         LINE#         37
  C:0213H         LINE#         38
  C:0218H         LINE#         39
  C:0233H         LINE#         40
  C:0236H         LINE#         41
  -------         ENDPROC       MAIN
  C:02E0H         SYMBOL        L?0034
  -------         PROC          L?0033
  -------         ENDPROC       L?0033
  C:02E0H         SYMBOL        L?0034
  -------         PROC          _CFGPWM
  D:0006H         SYMBOL        fr
  D:0008H         SYMBOL        dc
  -------         DO            
  D:0009H         SYMBOL        tmp
  D:0004H         SYMBOL        high
  D:0002H         SYMBOL        low
  -------         ENDDO         
  C:02E4H         LINE#         45
  C:02E6H         LINE#         46
BL51 BANKED LINKER/LOCATER V6.22                                                      07/13/2017  20:26:50  PAGE 4


  C:02E6H         LINE#         49
  C:02FEH         LINE#         50
  C:031CH         LINE#         51
  C:0327H         LINE#         52
  C:032FH         LINE#         53
  C:0336H         LINE#         54
  C:0338H         LINE#         55
  C:033AH         LINE#         56
  C:033CH         LINE#         57
  C:033EH         LINE#         58
  C:0341H         LINE#         59
  C:0344H         LINE#         60
  C:0347H         LINE#         61
  C:034AH         LINE#         62
  C:034CH         LINE#         63
  C:034EH         LINE#         64
  C:0350H         LINE#         65
  -------         ENDPROC       _CFGPWM
  -------         PROC          CLSPWM
  C:0003H         LINE#         67
  C:0003H         LINE#         68
  C:0003H         LINE#         69
  C:0005H         LINE#         70
  C:0007H         LINE#         71
  C:0009H         LINE#         72
  -------         ENDPROC       CLSPWM
  -------         PROC          INTERRUPTTIMER0
  C:0395H         LINE#         74
  C:0395H         LINE#         76
  C:0398H         LINE#         77
  C:0398H         LINE#         78
  C:039BH         LINE#         79
  C:039EH         LINE#         80
  C:03A0H         LINE#         81
  C:03A1H         LINE#         83
  C:03A1H         LINE#         84
  C:03A4H         LINE#         85
  C:03A7H         LINE#         86
  C:03A9H         LINE#         87
  C:03A9H         LINE#         88
  -------         ENDPROC       INTERRUPTTIMER0
  -------         ENDMOD        TEST

  -------         MODULE        ?C?LMUL
  C:000EH         PUBLIC        ?C?LMUL
  -------         ENDMOD        ?C?LMUL

  -------         MODULE        ?C?ULDIV
  C:0099H         PUBLIC        ?C?ULDIV
  -------         ENDMOD        ?C?ULDIV

  -------         MODULE        ?C?SLDIV
  C:0351H         PUBLIC        ?C?SLDIV
  -------         ENDMOD        ?C?SLDIV

  -------         MODULE        ?C?SLCMP
  C:012BH         PUBLIC        ?C?SLCMP
BL51 BANKED LINKER/LOCATER V6.22                                                      07/13/2017  20:26:50  PAGE 5


  -------         ENDMOD        ?C?SLCMP

Program Size: data=18.0 xdata=0 code=950
LINK/LOCATE RUN COMPLETE.  0 WARNING(S),  0 ERROR(S)
