BL51 BANKED LINKER/LOCATER V6.22                                                        07/15/2017  11:29:08  PAGE 1


BL51 BANKED LINKER/LOCATER V6.22, INVOKED BY:
E:\MYPROGRAM\MCU\KEIL\C51\BIN\BL51.EXE STARTUP.obj, test.obj TO test RAMSIZE (256)


MEMORY MODEL: SMALL


INPUT MODULES INCLUDED:
  STARTUP.obj (?C_STARTUP)
  test.obj (TEST)
  E:\MYPROGRAM\MCU\KEIL\C51\LIB\C51S.LIB (?C_INIT)
  E:\MYPROGRAM\MCU\KEIL\C51\LIB\C51S.LIB (?C?UIDIV)


LINK MAP OF MODULE:  test (?C_STARTUP)


            TYPE    BASE      LENGTH    RELOCATION   SEGMENT NAME
            -----------------------------------------------------

            * * * * * * *   D A T A   M E M O R Y   * * * * * * *
            REG     0000H     0008H     ABSOLUTE     "REG BANK 0"
            DATA    0008H     0009H     UNIT         ?DT?TEST
            IDATA   0011H     0001H     UNIT         ?STACK

            * * * * * * *   C O D E   M E M O R Y   * * * * * * *
            CODE    0000H     0003H     ABSOLUTE     
            CODE    0003H     0003H     ABSOLUTE     
            CODE    0006H     0003H     UNIT         ?PR?INTERRUPTOUT0?TEST
                    0009H     0002H                  *** GAP ***
            CODE    000BH     0003H     ABSOLUTE     
            CODE    000EH     00A6H     UNIT         ?PR?MAIN?TEST
            CODE    00B4H     008CH     UNIT         ?C_C51STARTUP
            CODE    0140H     007AH     UNIT         ?PR?INTERRUPTTIME0?TEST
            CODE    01BAH     0055H     UNIT         ?C?LIB_CODE
            CODE    020FH     0014H     UNIT         ?C_INITSEG
            CODE    0223H     000EH     UNIT         ?CO?TEST



OVERLAY MAP OF MODULE:   test (?C_STARTUP)


SEGMENT
  +--> CALLED SEGMENT
---------------------
?C_C51STARTUP
  +--> ?PR?MAIN?TEST
  +--> ?C_INITSEG

?PR?MAIN?TEST
  +--> ?CO?TEST

*** NEW ROOT ***************************************************

?PR?INTERRUPTTIME0?TEST
  +--> ?CO?TEST

BL51 BANKED LINKER/LOCATER V6.22                                                      07/15/2017  11:29:08  PAGE 2




SYMBOL TABLE OF MODULE:  test (?C_STARTUP)

  VALUE           TYPE          NAME
  ----------------------------------

  -------         MODULE        ?C_STARTUP
  C:00B4H         SEGMENT       ?C_C51STARTUP
  I:0011H         SEGMENT       ?STACK
  C:0000H         PUBLIC        ?C_STARTUP
  D:00E0H         SYMBOL        ACC
  D:00F0H         SYMBOL        B
  D:0083H         SYMBOL        DPH
  D:0082H         SYMBOL        DPL
  N:0000H         SYMBOL        IBPSTACK
  N:0100H         SYMBOL        IBPSTACKTOP
  N:0080H         SYMBOL        IDATALEN
  C:00B7H         SYMBOL        IDATALOOP
  N:0000H         SYMBOL        PBPSTACK
  N:0100H         SYMBOL        PBPSTACKTOP
  N:0000H         SYMBOL        PDATALEN
  N:0000H         SYMBOL        PDATASTART
  N:0000H         SYMBOL        PPAGE
  N:0000H         SYMBOL        PPAGEENABLE
  D:00A0H         SYMBOL        PPAGE_SFR
  D:0081H         SYMBOL        SP
  C:00B4H         SYMBOL        STARTUP1
  N:0000H         SYMBOL        XBPSTACK
  N:0000H         SYMBOL        XBPSTACKTOP
  N:0000H         SYMBOL        XDATALEN
  N:0000H         SYMBOL        XDATASTART
  C:0000H         LINE#         126
  C:00B4H         LINE#         133
  C:00B6H         LINE#         134
  C:00B7H         LINE#         135
  C:00B8H         LINE#         136
  C:00BAH         LINE#         185
  C:00BDH         LINE#         196
  -------         ENDMOD        ?C_STARTUP

  -------         MODULE        TEST
  C:0000H         SYMBOL        _ICE_DUMMY_
  D:0080H         PUBLIC        P0
  D:0090H         PUBLIC        P1
  D:00A0H         PUBLIC        P2
  D:00B0H         PUBLIC        P3
  B:00A8H.7       PUBLIC        EA
  C:022DH         PUBLIC        segsel
  D:00A8H         PUBLIC        IE
  C:0140H         PUBLIC        InterruptTime0
  D:00B8H         PUBLIC        IP
  D:000BH         PUBLIC        LedBuff
  D:000FH         PUBLIC        Vcnt
  C:000EH         PUBLIC        main
  B:00A0H.5       PUBLIC        CE573
  D:0098H         PUBLIC        SCON
BL51 BANKED LINKER/LOCATER V6.22                                                      07/15/2017  11:29:08  PAGE 3


  D:0089H         PUBLIC        TMOD
  D:0088H         PUBLIC        TCON
  C:0006H         PUBLIC        InterruptOut0
  D:0010H         PUBLIC        flag5s
  B:00A8H.1       PUBLIC        ET0
  D:008CH         PUBLIC        TH0
  B:00A8H.0       PUBLIC        EX0
  B:0088H.0       PUBLIC        IT0
  D:008AH         PUBLIC        TL0
  B:0088H.4       PUBLIC        TR0
  D:00C8H         PUBLIC        T2CON
  C:0223H         PUBLIC        digseg
  D:00D0H         PUBLIC        PSW
  -------         PROC          MAIN
  -------         DO            
  D:0002H         SYMBOL        rad_min
  -------         ENDDO         
  C:000EH         LINE#         18
  C:000EH         LINE#         19
  C:000EH         LINE#         20
  C:0011H         LINE#         21
  C:0014H         LINE#         22
  C:0017H         LINE#         23
  C:001AH         LINE#         24
  C:001CH         LINE#         25
  C:001EH         LINE#         26
  C:0020H         LINE#         27
  C:0022H         LINE#         28
  C:0024H         LINE#         29
  C:0026H         LINE#         30
  C:0026H         LINE#         31
  C:0026H         LINE#         32
  C:002BH         LINE#         33
  C:002BH         LINE#         34
  C:002EH         LINE#         35
  C:0037H         LINE#         36
  C:003AH         LINE#         37
  C:0051H         LINE#         38
  C:0071H         LINE#         39
  C:0091H         LINE#         40
  C:00B1H         LINE#         41
  C:00B1H         LINE#         42
  -------         ENDPROC       MAIN
  -------         PROC          INTERRUPTTIME0
  -------         DO            
  D:0008H         SYMBOL        i
  D:0009H         SYMBOL        cnt
  -------         ENDDO         
  C:0140H         LINE#         45
  C:0148H         LINE#         49
  C:014BH         LINE#         50
  C:014EH         LINE#         51
  C:0156H         LINE#         52
  C:015FH         LINE#         53
  C:015FH         LINE#         54
  C:0165H         LINE#         55
  C:0168H         LINE#         56
BL51 BANKED LINKER/LOCATER V6.22                                                      07/15/2017  11:29:08  PAGE 4


  C:0168H         LINE#         57
  C:016BH         LINE#         58
  C:017AH         LINE#         59
  C:017AH         LINE#         60
  C:0188H         LINE#         61
  C:0196H         LINE#         62
  C:01A4H         LINE#         63
  C:01B1H         LINE#         64
  C:01B1H         LINE#         65
  C:01B1H         LINE#         66
  -------         ENDPROC       INTERRUPTTIME0
  -------         PROC          INTERRUPTOUT0
  C:0006H         LINE#         68
  C:0006H         LINE#         70
  C:0008H         LINE#         71
  -------         ENDPROC       INTERRUPTOUT0
  -------         ENDMOD        TEST

  -------         MODULE        ?C?UIDIV
  C:01BAH         PUBLIC        ?C?UIDIV
  -------         ENDMOD        ?C?UIDIV

Program Size: data=18.0 xdata=0 code=559
LINK/LOCATE RUN COMPLETE.  0 WARNING(S),  0 ERROR(S)
