BL51 BANKED LINKER/LOCATER V6.22                                                        10/23/2017  17:23:34  PAGE 1


BL51 BANKED LINKER/LOCATER V6.22, INVOKED BY:
E:\MYPROGRAM\MCU\KEIL\C51\BIN\BL51.EXE STARTUP.obj, test.obj TO test RAMSIZE (256)


MEMORY MODEL: SMALL


INPUT MODULES INCLUDED:
  STARTUP.obj (?C_STARTUP)
  test.obj (TEST)
  E:\MYPROGRAM\MCU\KEIL\C51\LIB\C51S.LIB (?C?COPY)
  E:\MYPROGRAM\MCU\KEIL\C51\LIB\C51S.LIB (?C?CLDPTR)


LINK MAP OF MODULE:  test (?C_STARTUP)


            TYPE    BASE      LENGTH    RELOCATION   SEGMENT NAME
            -----------------------------------------------------

            * * * * * * *   D A T A   M E M O R Y   * * * * * * *
            REG     0000H     0008H     ABSOLUTE     "REG BANK 0"
            DATA    0008H     0011H     UNIT         _DATA_GROUP_
            IDATA   0019H     0001H     UNIT         ?STACK

            * * * * * * *   C O D E   M E M O R Y   * * * * * * *
            CODE    0000H     0003H     ABSOLUTE     
            CODE    0003H     010FH     UNIT         ?C?LIB_CODE
            CODE    0112H     0032H     UNIT         ?PR?MAIN?TEST
            CODE    0144H     0028H     UNIT         ?PR?_LCDSHOWSTR?TEST
            CODE    016CH     001FH     UNIT         ?CO?TEST
            CODE    018BH     0014H     UNIT         ?PR?INITLCD1602?TEST
            CODE    019FH     0012H     UNIT         ?PR?LCDWAITREADY?TEST
            CODE    01B1H     0012H     UNIT         ?PR?_LCDSETCURSOR?TEST
            CODE    01C3H     0010H     UNIT         ?PR?_LCDWRITECMD?TEST
            CODE    01D3H     0010H     UNIT         ?PR?_LCDWRITEDAT?TEST
            CODE    01E3H     000CH     UNIT         ?C_C51STARTUP



OVERLAY MAP OF MODULE:   test (?C_STARTUP)


SEGMENT                          DATA_GROUP 
  +--> CALLED SEGMENT          START    LENGTH
----------------------------------------------
?C_C51STARTUP                  -----    -----
  +--> ?PR?MAIN?TEST

?PR?MAIN?TEST                  0008H    000EH
  +--> ?CO?TEST
  +--> ?PR?INITLCD1602?TEST
  +--> ?PR?_LCDSHOWSTR?TEST

?PR?INITLCD1602?TEST           -----    -----
  +--> ?PR?_LCDWRITECMD?TEST

?PR?_LCDWRITECMD?TEST          -----    -----
BL51 BANKED LINKER/LOCATER V6.22                                                      10/23/2017  17:23:34  PAGE 2


  +--> ?PR?LCDWAITREADY?TEST

?PR?_LCDSHOWSTR?TEST           0016H    0003H
  +--> ?PR?_LCDSETCURSOR?TEST
  +--> ?PR?_LCDWRITEDAT?TEST

?PR?_LCDSETCURSOR?TEST         -----    -----
  +--> ?PR?_LCDWRITECMD?TEST

?PR?_LCDWRITEDAT?TEST          -----    -----
  +--> ?PR?LCDWAITREADY?TEST



SYMBOL TABLE OF MODULE:  test (?C_STARTUP)

  VALUE           TYPE          NAME
  ----------------------------------

  -------         MODULE        ?C_STARTUP
  C:01E3H         SEGMENT       ?C_C51STARTUP
  I:0019H         SEGMENT       ?STACK
  C:0000H         PUBLIC        ?C_STARTUP
  D:00E0H         SYMBOL        ACC
  D:00F0H         SYMBOL        B
  D:0083H         SYMBOL        DPH
  D:0082H         SYMBOL        DPL
  N:0000H         SYMBOL        IBPSTACK
  N:0100H         SYMBOL        IBPSTACKTOP
  N:0080H         SYMBOL        IDATALEN
  C:01E6H         SYMBOL        IDATALOOP
  N:0000H         SYMBOL        PBPSTACK
  N:0100H         SYMBOL        PBPSTACKTOP
  N:0000H         SYMBOL        PDATALEN
  N:0000H         SYMBOL        PDATASTART
  N:0000H         SYMBOL        PPAGE
  N:0000H         SYMBOL        PPAGEENABLE
  D:00A0H         SYMBOL        PPAGE_SFR
  D:0081H         SYMBOL        SP
  C:01E3H         SYMBOL        STARTUP1
  N:0000H         SYMBOL        XBPSTACK
  N:0000H         SYMBOL        XBPSTACKTOP
  N:0000H         SYMBOL        XDATALEN
  N:0000H         SYMBOL        XDATASTART
  C:0000H         LINE#         126
  C:01E3H         LINE#         133
  C:01E5H         LINE#         134
  C:01E6H         LINE#         135
  C:01E7H         LINE#         136
  C:01E9H         LINE#         185
  C:01ECH         LINE#         196
  -------         ENDMOD        ?C_STARTUP

  -------         MODULE        TEST
  C:0000H         SYMBOL        _ICE_DUMMY_
  D:0080H         PUBLIC        P0
  D:0090H         PUBLIC        P1
BL51 BANKED LINKER/LOCATER V6.22                                                      10/23/2017  17:23:34  PAGE 3


  D:00A0H         PUBLIC        P2
  D:00B0H         PUBLIC        P3
  D:00A8H         PUBLIC        IE
  D:00B8H         PUBLIC        IP
  B:00A0H.6       PUBLIC        LCD1602_RS
  C:019FH         PUBLIC        LcdWaitReady
  C:0112H         PUBLIC        main
  B:00B0H.6       PUBLIC        LCD1602_RW
  D:0098H         PUBLIC        SCON
  D:0088H         PUBLIC        TCON
  C:01C3H         PUBLIC        _LcdWriteCmd
  C:01D3H         PUBLIC        _LcdWriteDat
  C:017DH         SYMBOL        _?ix1000
  B:00A0H.7       PUBLIC        LCD1602_E
  C:01B1H         PUBLIC        _LcdSetCursor
  D:00C8H         PUBLIC        T2CON
  C:0144H         PUBLIC        _LcdShowStr
  C:018BH         PUBLIC        InitLcd1602
  D:00D0H         PUBLIC        PSW
  -------         PROC          MAIN
  -------         DO            
  D:0008H         SYMBOL        str
  -------         ENDDO         
  C:0112H         LINE#         10
  C:0112H         LINE#         11
  C:0112H         LINE#         12
  C:0125H         LINE#         14
  C:0128H         LINE#         15
  C:0135H         LINE#         16
  C:0142H         LINE#         17
  -------         ENDPROC       MAIN
  -------         PROC          LCDWAITREADY
  -------         DO            
  D:0007H         SYMBOL        sta
  -------         ENDDO         
  C:019FH         LINE#         20
  C:019FH         LINE#         21
  C:019FH         LINE#         24
  C:01A2H         LINE#         25
  C:01A4H         LINE#         26
  C:01A6H         LINE#         27
  C:01A6H         LINE#         28
  C:01A8H         LINE#         29
  C:01AAH         LINE#         30
  C:01ACH         LINE#         31
  C:01B0H         LINE#         32
  -------         ENDPROC       LCDWAITREADY
  -------         PROC          _LCDWRITECMD
  D:0006H         SYMBOL        cmd
  C:01C3H         LINE#         34
  C:01C5H         LINE#         35
  C:01C5H         LINE#         36
  C:01C8H         LINE#         37
  C:01CAH         LINE#         38
  C:01CCH         LINE#         39
  C:01CEH         LINE#         40
  C:01D0H         LINE#         41
BL51 BANKED LINKER/LOCATER V6.22                                                      10/23/2017  17:23:34  PAGE 4


  C:01D2H         LINE#         42
  -------         ENDPROC       _LCDWRITECMD
  -------         PROC          _LCDWRITEDAT
  D:0006H         SYMBOL        dat
  C:01D3H         LINE#         43
  C:01D5H         LINE#         44
  C:01D5H         LINE#         45
  C:01D8H         LINE#         46
  C:01DAH         LINE#         47
  C:01DCH         LINE#         48
  C:01DEH         LINE#         49
  C:01E0H         LINE#         50
  C:01E2H         LINE#         51
  -------         ENDPROC       _LCDWRITEDAT
  -------         PROC          _LCDSETCURSOR
  D:0007H         SYMBOL        x
  D:0005H         SYMBOL        y
  -------         DO            
  D:0004H         SYMBOL        addr
  -------         ENDDO         
  C:01B1H         LINE#         52
  C:01B1H         LINE#         53
  C:01B1H         LINE#         55
  C:01B4H         LINE#         56
  C:01B8H         LINE#         58
  C:01BCH         LINE#         59
  -------         ENDPROC       _LCDSETCURSOR
  -------         PROC          _LCDSHOWSTR
  D:0007H         SYMBOL        x
  D:0005H         SYMBOL        y
  D:0016H         SYMBOL        str
  C:0144H         LINE#         61
  C:014AH         LINE#         62
  C:014AH         LINE#         63
  C:014DH         LINE#         64
  C:0158H         LINE#         65
  C:0158H         LINE#         66
  C:0169H         LINE#         67
  C:016BH         LINE#         68
  -------         ENDPROC       _LCDSHOWSTR
  -------         PROC          INITLCD1602
  C:018BH         LINE#         69
  C:018BH         LINE#         70
  C:018BH         LINE#         71
  C:0190H         LINE#         72
  C:0195H         LINE#         73
  C:019AH         LINE#         74
  -------         ENDPROC       INITLCD1602
  -------         ENDMOD        TEST

  -------         MODULE        ?C?COPY
  C:00D3H         PUBLIC        ?C?COPY
  -------         ENDMOD        ?C?COPY

  -------         MODULE        ?C?CLDPTR
  C:00F9H         PUBLIC        ?C?CLDPTR
  -------         ENDMOD        ?C?CLDPTR
BL51 BANKED LINKER/LOCATER V6.22                                                      10/23/2017  17:23:34  PAGE 5



Program Size: data=26.0 xdata=0 code=495
LINK/LOCATE RUN COMPLETE.  0 WARNING(S),  0 ERROR(S)
