BL51 BANKED LINKER/LOCATER V6.22                                                        07/25/2017  17:02:22  PAGE 1


BL51 BANKED LINKER/LOCATER V6.22, INVOKED BY:
E:\MYPROGRAM\MCU\KEIL\C51\BIN\BL51.EXE STARTUP.obj, test.obj TO test RAMSIZE (256)


MEMORY MODEL: SMALL


INPUT MODULES INCLUDED:
  STARTUP.obj (?C_STARTUP)
  test.obj (TEST)
  E:\MYPROGRAM\MCU\KEIL\C51\LIB\C51S.LIB (?C?SLDIV)
  E:\MYPROGRAM\MCU\KEIL\C51\LIB\C51S.LIB (?C?ULDIV)


LINK MAP OF MODULE:  test (?C_STARTUP)


            TYPE    BASE      LENGTH    RELOCATION   SEGMENT NAME
            -----------------------------------------------------

            * * * * * * *   D A T A   M E M O R Y   * * * * * * *
            REG     0000H     0008H     ABSOLUTE     "REG BANK 0"
            IDATA   0008H     0001H     UNIT         ?STACK

            * * * * * * *   C O D E   M E M O R Y   * * * * * * *
            CODE    0000H     0003H     ABSOLUTE     
            CODE    0003H     000CH     UNIT         ?C_C51STARTUP
            CODE    000FH     000BH     UNIT         ?PR?MAIN?TEST
            CODE    001AH     0009H     UNIT         ?PR?RUN?TEST
            CODE    0023H     0003H     ABSOLUTE     
            CODE    0026H     00CEH     UNIT         ?C?LIB_CODE
            CODE    00F4H     0044H     UNIT         ?C?LDIV
            CODE    0138H     0028H     UNIT         ?PR?_CONFIGUART?TEST
            CODE    0160H     0024H     UNIT         ?PR?INTERRUPTUART?TEST
            CODE    0184H     0009H     UNIT         ?PR?STOP?TEST



OVERLAY MAP OF MODULE:   test (?C_STARTUP)


SEGMENT
  +--> CALLED SEGMENT
---------------------
?C_C51STARTUP
  +--> ?PR?MAIN?TEST

?PR?MAIN?TEST
  +--> ?PR?_CONFIGUART?TEST

*** NEW ROOT ***************************************************

?PR?INTERRUPTUART?TEST
  +--> ?PR?RUN?TEST
  +--> ?PR?STOP?TEST



BL51 BANKED LINKER/LOCATER V6.22                                                      07/25/2017  17:02:22  PAGE 2


SYMBOL TABLE OF MODULE:  test (?C_STARTUP)

  VALUE           TYPE          NAME
  ----------------------------------

  -------         MODULE        ?C_STARTUP
  C:0003H         SEGMENT       ?C_C51STARTUP
  I:0008H         SEGMENT       ?STACK
  C:0000H         PUBLIC        ?C_STARTUP
  D:00E0H         SYMBOL        ACC
  D:00F0H         SYMBOL        B
  D:0083H         SYMBOL        DPH
  D:0082H         SYMBOL        DPL
  N:0000H         SYMBOL        IBPSTACK
  N:0100H         SYMBOL        IBPSTACKTOP
  N:0080H         SYMBOL        IDATALEN
  C:0006H         SYMBOL        IDATALOOP
  N:0000H         SYMBOL        PBPSTACK
  N:0100H         SYMBOL        PBPSTACKTOP
  N:0000H         SYMBOL        PDATALEN
  N:0000H         SYMBOL        PDATASTART
  N:0000H         SYMBOL        PPAGE
  N:0000H         SYMBOL        PPAGEENABLE
  D:00A0H         SYMBOL        PPAGE_SFR
  D:0081H         SYMBOL        SP
  C:0003H         SYMBOL        STARTUP1
  N:0000H         SYMBOL        XBPSTACK
  N:0000H         SYMBOL        XBPSTACKTOP
  N:0000H         SYMBOL        XDATALEN
  N:0000H         SYMBOL        XDATASTART
  C:0000H         LINE#         126
  C:0003H         LINE#         133
  C:0005H         LINE#         134
  C:0006H         LINE#         135
  C:0007H         LINE#         136
  C:0009H         LINE#         185
  C:000CH         LINE#         196
  -------         ENDMOD        ?C_STARTUP

  -------         MODULE        TEST
  C:0000H         SYMBOL        _ICE_DUMMY_
  D:0090H         PUBLIC        P1
  D:00B0H         PUBLIC        P3
  B:00A8H.7       PUBLIC        EA
  D:00A8H         PUBLIC        IE
  C:0160H         PUBLIC        InterruptUART
  C:0138H         PUBLIC        _ConfigUART
  B:00A8H.4       PUBLIC        ES
  D:00B8H         PUBLIC        IP
  B:0098H.0       PUBLIC        RI
  B:0098H.1       PUBLIC        TI
  C:000FH         PUBLIC        main
  D:0099H         PUBLIC        SBUF
  D:0098H         PUBLIC        SCON
  D:0089H         PUBLIC        TMOD
  D:0088H         PUBLIC        TCON
  B:0090H.3       PUBLIC        RightB
BL51 BANKED LINKER/LOCATER V6.22                                                      07/25/2017  17:02:22  PAGE 3


  B:0090H.2       PUBLIC        RightF
  C:0184H         PUBLIC        stop
  B:00A8H.3       PUBLIC        ET1
  D:008DH         PUBLIC        TH1
  B:0090H.1       PUBLIC        LeftB
  D:008BH         PUBLIC        TL1
  B:0090H.0       PUBLIC        LeftF
  C:001AH         PUBLIC        run
  B:0088H.6       PUBLIC        TR1
  D:00C8H         PUBLIC        T2CON
  D:00D0H         PUBLIC        PSW
  -------         PROC          MAIN
  C:000FH         LINE#         13
  C:000FH         LINE#         14
  C:000FH         LINE#         15
  C:0011H         LINE#         16
  C:0018H         LINE#         17
  -------         ENDPROC       MAIN
  -------         PROC          _CONFIGUART
  D:0006H         SYMBOL        baud
  C:0138H         LINE#         20
  C:0138H         LINE#         21
  C:0138H         LINE#         22
  C:013BH         LINE#         23
  C:013EH         LINE#         24
  C:0141H         LINE#         25
  C:0156H         LINE#         26
  C:0159H         LINE#         27
  C:015BH         LINE#         28
  C:015DH         LINE#         29
  C:015FH         LINE#         30
  -------         ENDPROC       _CONFIGUART
  -------         PROC          RUN
  C:001AH         LINE#         32
  C:001AH         LINE#         33
  C:001AH         LINE#         34
  C:001CH         LINE#         35
  C:001EH         LINE#         36
  C:0020H         LINE#         37
  C:0022H         LINE#         38
  -------         ENDPROC       RUN
  -------         PROC          STOP
  C:0184H         LINE#         40
  C:0184H         LINE#         41
  C:0184H         LINE#         42
  C:0186H         LINE#         43
  C:0188H         LINE#         44
  C:018AH         LINE#         45
  C:018CH         LINE#         46
  -------         ENDPROC       STOP
  -------         PROC          INTERRUPTUART
  C:0160H         LINE#         48
  C:0164H         LINE#         50
  C:0167H         LINE#         51
  C:0167H         LINE#         52
  C:0169H         LINE#         53
  C:016EH         LINE#         54
BL51 BANKED LINKER/LOCATER V6.22                                                      07/25/2017  17:02:22  PAGE 4


  C:016EH         LINE#         55
  C:0171H         LINE#         56
  C:0173H         LINE#         57
  C:0177H         LINE#         58
  C:0177H         LINE#         59
  C:017AH         LINE#         60
  C:017AH         LINE#         61
  C:017AH         LINE#         62
  C:017DH         LINE#         63
  C:017DH         LINE#         64
  C:017FH         LINE#         65
  C:017FH         LINE#         66
  -------         ENDPROC       INTERRUPTUART
  -------         ENDMOD        TEST

  -------         MODULE        ?C?SLDIV
  C:00F4H         PUBLIC        ?C?SLDIV
  -------         ENDMOD        ?C?SLDIV

  -------         MODULE        ?C?ULDIV
  C:0062H         PUBLIC        ?C?ULDIV
  -------         ENDMOD        ?C?ULDIV

Program Size: data=9.0 xdata=0 code=397
LINK/LOCATE RUN COMPLETE.  0 WARNING(S),  0 ERROR(S)
