BL51 BANKED LINKER/LOCATER V6.22                                                        07/19/2017  20:48:46  PAGE 1


BL51 BANKED LINKER/LOCATER V6.22, INVOKED BY:
E:\MYPROGRAM\MCU\KEIL\C51\BIN\BL51.EXE STARTUP.obj, test.obj TO test RAMSIZE (256)


MEMORY MODEL: SMALL


INPUT MODULES INCLUDED:
  STARTUP.obj (?C_STARTUP)
  test.obj (TEST)


LINK MAP OF MODULE:  test (?C_STARTUP)


            TYPE    BASE      LENGTH    RELOCATION   SEGMENT NAME
            -----------------------------------------------------

            * * * * * * *   D A T A   M E M O R Y   * * * * * * *
            REG     0000H     0008H     ABSOLUTE     "REG BANK 0"
            IDATA   0008H     0001H     UNIT         ?STACK

            * * * * * * *   C O D E   M E M O R Y   * * * * * * *
            CODE    0000H     0003H     ABSOLUTE     
            CODE    0003H     0040H     UNIT         ?PR?MAIN?TEST
            CODE    0043H     002CH     UNIT         ?PR?_DELAY?TEST
            CODE    006FH     000CH     UNIT         ?C_C51STARTUP
            CODE    007BH     0009H     UNIT         ?PR?RUN?TEST
            CODE    0084H     0009H     UNIT         ?PR?BACK?TEST
            CODE    008DH     0009H     UNIT         ?PR?RIGHT?TEST
            CODE    0096H     0009H     UNIT         ?PR?LEFT?TEST
            CODE    009FH     0009H     UNIT         ?PR?STOP?TEST
            CODE    00A8H     0009H     UNIT         ?PR?SPIN_RIGHT?TEST
            CODE    00B1H     0009H     UNIT         ?PR?SPIN_LEFT?TEST



OVERLAY MAP OF MODULE:   test (?C_STARTUP)


SEGMENT
  +--> CALLED SEGMENT
---------------------
?C_C51STARTUP
  +--> ?PR?MAIN?TEST

?PR?MAIN?TEST
  +--> ?PR?_DELAY?TEST
  +--> ?PR?BACK?TEST
  +--> ?PR?RUN?TEST
  +--> ?PR?LEFT?TEST
  +--> ?PR?RIGHT?TEST
  +--> ?PR?SPIN_RIGHT?TEST
  +--> ?PR?SPIN_LEFT?TEST
  +--> ?PR?STOP?TEST

?PR?_DELAY?TEST
  +--> ?PR?STOP?TEST
BL51 BANKED LINKER/LOCATER V6.22                                                      07/19/2017  20:48:46  PAGE 2





SYMBOL TABLE OF MODULE:  test (?C_STARTUP)

  VALUE           TYPE          NAME
  ----------------------------------

  -------         MODULE        ?C_STARTUP
  C:006FH         SEGMENT       ?C_C51STARTUP
  I:0008H         SEGMENT       ?STACK
  C:0000H         PUBLIC        ?C_STARTUP
  D:00E0H         SYMBOL        ACC
  D:00F0H         SYMBOL        B
  D:0083H         SYMBOL        DPH
  D:0082H         SYMBOL        DPL
  N:0000H         SYMBOL        IBPSTACK
  N:0100H         SYMBOL        IBPSTACKTOP
  N:0080H         SYMBOL        IDATALEN
  C:0072H         SYMBOL        IDATALOOP
  N:0000H         SYMBOL        PBPSTACK
  N:0100H         SYMBOL        PBPSTACKTOP
  N:0000H         SYMBOL        PDATALEN
  N:0000H         SYMBOL        PDATASTART
  N:0000H         SYMBOL        PPAGE
  N:0000H         SYMBOL        PPAGEENABLE
  D:00A0H         SYMBOL        PPAGE_SFR
  D:0081H         SYMBOL        SP
  C:006FH         SYMBOL        STARTUP1
  N:0000H         SYMBOL        XBPSTACK
  N:0000H         SYMBOL        XBPSTACKTOP
  N:0000H         SYMBOL        XDATALEN
  N:0000H         SYMBOL        XDATASTART
  C:0000H         LINE#         126
  C:006FH         LINE#         133
  C:0071H         LINE#         134
  C:0072H         LINE#         135
  C:0073H         LINE#         136
  C:0075H         LINE#         185
  C:0078H         LINE#         196
  -------         ENDMOD        ?C_STARTUP

  -------         MODULE        TEST
  C:0000H         SYMBOL        _ICE_DUMMY_
  D:0090H         PUBLIC        P1
  D:00B0H         PUBLIC        P3
  D:00A8H         PUBLIC        IE
  C:0051H         PUBLIC        _delay
  C:0084H         PUBLIC        back
  D:00B8H         PUBLIC        IP
  C:008DH         PUBLIC        right
  C:0003H         PUBLIC        main
  C:0096H         PUBLIC        left
  D:0098H         PUBLIC        SCON
  D:0088H         PUBLIC        TCON
  C:00A8H         PUBLIC        spin_right
  B:0090H.3       PUBLIC        RightB
BL51 BANKED LINKER/LOCATER V6.22                                                      07/19/2017  20:48:46  PAGE 3


  B:0090H.2       PUBLIC        RightF
  C:009FH         PUBLIC        stop
  C:00B1H         PUBLIC        spin_left
  B:0090H.1       PUBLIC        LeftB
  B:0090H.0       PUBLIC        LeftF
  C:007BH         PUBLIC        run
  D:00C8H         PUBLIC        T2CON
  D:00D0H         PUBLIC        PSW
  -------         PROC          L?0020
  -------         ENDPROC       L?0020
  -------         PROC          _DELAY
  D:0006H         SYMBOL        xms
  -------         DO            
  D:0006H         SYMBOL        i
  D:0004H         SYMBOL        j
  -------         ENDDO         
  C:0051H         LINE#         9
  C:0051H         LINE#         10
  C:0051H         LINE#         12
  C:005AH         LINE#         13
  C:006EH         LINE#         14
  -------         ENDPROC       _DELAY
  -------         PROC          RUN
  C:007BH         LINE#         16
  C:007BH         LINE#         17
  C:007BH         LINE#         18
  C:007DH         LINE#         19
  C:007FH         LINE#         20
  C:0081H         LINE#         21
  C:0083H         LINE#         22
  -------         ENDPROC       RUN
  -------         PROC          BACK
  C:0084H         LINE#         24
  C:0084H         LINE#         25
  C:0084H         LINE#         26
  C:0086H         LINE#         27
  C:0088H         LINE#         28
  C:008AH         LINE#         29
  C:008CH         LINE#         30
  -------         ENDPROC       BACK
  -------         PROC          RIGHT
  C:008DH         LINE#         32
  C:008DH         LINE#         33
  C:008DH         LINE#         34
  C:008FH         LINE#         35
  C:0091H         LINE#         36
  C:0093H         LINE#         37
  C:0095H         LINE#         38
  -------         ENDPROC       RIGHT
  -------         PROC          LEFT
  C:0096H         LINE#         40
  C:0096H         LINE#         41
  C:0096H         LINE#         42
  C:0098H         LINE#         43
  C:009AH         LINE#         44
  C:009CH         LINE#         45
  C:009EH         LINE#         46
BL51 BANKED LINKER/LOCATER V6.22                                                      07/19/2017  20:48:46  PAGE 4


  -------         ENDPROC       LEFT
  -------         PROC          STOP
  C:009FH         LINE#         48
  C:009FH         LINE#         49
  C:009FH         LINE#         50
  C:00A1H         LINE#         51
  C:00A3H         LINE#         52
  C:00A5H         LINE#         53
  C:00A7H         LINE#         54
  -------         ENDPROC       STOP
  -------         PROC          SPIN_RIGHT
  C:00A8H         LINE#         57
  C:00A8H         LINE#         58
  C:00A8H         LINE#         59
  C:00AAH         LINE#         60
  C:00ACH         LINE#         61
  C:00AEH         LINE#         62
  C:00B0H         LINE#         63
  -------         ENDPROC       SPIN_RIGHT
  -------         PROC          SPIN_LEFT
  C:00B1H         LINE#         65
  C:00B1H         LINE#         66
  C:00B1H         LINE#         67
  C:00B3H         LINE#         68
  C:00B5H         LINE#         69
  C:00B7H         LINE#         70
  C:00B9H         LINE#         71
  -------         ENDPROC       SPIN_LEFT
  -------         PROC          MAIN
  C:0003H         LINE#         75
  C:0003H         LINE#         76
  C:0003H         LINE#         77
  C:000AH         LINE#         78
  C:000DH         LINE#         79
  C:000DH         LINE#         80
  C:000DH         LINE#         81
  C:0010H         LINE#         82
  C:0013H         LINE#         83
  C:0013H         LINE#         84
  C:0013H         LINE#         85
  C:0016H         LINE#         86
  C:0019H         LINE#         87
  C:0020H         LINE#         88
  C:0023H         LINE#         89
  C:002AH         LINE#         90
  C:002DH         LINE#         91
  C:0034H         LINE#         92
  C:0037H         LINE#         93
  C:003EH         LINE#         94
  C:0041H         LINE#         95
  -------         ENDPROC       MAIN
  -------         ENDMOD        TEST

Program Size: data=9.0 xdata=0 code=186
LINK/LOCATE RUN COMPLETE.  0 WARNING(S),  0 ERROR(S)
