BL51 BANKED LINKER/LOCATER V6.22                                                        08/06/2018  12:02:34  PAGE 1


BL51 BANKED LINKER/LOCATER V6.22, INVOKED BY:
E:\MYPROGRAM\MCU\KEIL\C51\BIN\BL51.EXE STARTUP.obj, test.obj TO test RAMSIZE (256)


MEMORY MODEL: SMALL


INPUT MODULES INCLUDED:
  STARTUP.obj (?C_STARTUP)
  test.obj (TEST)
  E:\MYPROGRAM\MCU\KEIL\C51\LIB\C51S.LIB (?C_INIT)
  E:\MYPROGRAM\MCU\KEIL\C51\LIB\C51S.LIB (?C?UIDIV)


LINK MAP OF MODULE:  test (?C_STARTUP)


            TYPE    BASE      LENGTH    RELOCATION   SEGMENT NAME
            -----------------------------------------------------

            * * * * * * *   D A T A   M E M O R Y   * * * * * * *
            REG     0000H     0008H     ABSOLUTE     "REG BANK 0"
            DATA    0008H     0006H     UNIT         ?DT?TEST
            DATA    000EH     0004H     UNIT         _DATA_GROUP_
                    0012H     000EH                  *** GAP ***
            BIT     0020H.0   0000H.1   UNIT         _BIT_GROUP_
                    0020H.1   0000H.7                *** GAP ***
            IDATA   0021H     0001H     UNIT         ?STACK

            * * * * * * *   C O D E   M E M O R Y   * * * * * * *
            CODE    0000H     0003H     ABSOLUTE     
                    0003H     0008H                  *** GAP ***
            CODE    000BH     0003H     ABSOLUTE     
            CODE    000EH     0090H     UNIT         ?PR?MAIN?TEST
            CODE    009EH     008CH     UNIT         ?C_C51STARTUP
            CODE    012AH     0060H     UNIT         ?PR?INTERRUPTTIME0?TEST
            CODE    018AH     0055H     UNIT         ?C?LIB_CODE
            CODE    01DFH     000EH     UNIT         ?CO?TEST
            CODE    01EDH     000DH     UNIT         ?C_INITSEG



OVERLAY MAP OF MODULE:   test (?C_STARTUP)


SEGMENT                            BIT_GROUP          DATA_GROUP 
  +--> CALLED SEGMENT           START    LENGTH     START    LENGTH
-------------------------------------------------------------------
?C_C51STARTUP                   -----    -----      -----    -----
  +--> ?PR?MAIN?TEST
  +--> ?C_INITSEG

?PR?MAIN?TEST                   0020H.0  0000H.1    000EH    0004H
  +--> ?CO?TEST

*** NEW ROOT ***************************************************

?PR?INTERRUPTTIME0?TEST         -----    -----      -----    -----
BL51 BANKED LINKER/LOCATER V6.22                                                      08/06/2018  12:02:34  PAGE 2


  +--> ?CO?TEST



SYMBOL TABLE OF MODULE:  test (?C_STARTUP)

  VALUE           TYPE          NAME
  ----------------------------------

  -------         MODULE        ?C_STARTUP
  C:009EH         SEGMENT       ?C_C51STARTUP
  I:0021H         SEGMENT       ?STACK
  C:0000H         PUBLIC        ?C_STARTUP
  D:00E0H         SYMBOL        ACC
  D:00F0H         SYMBOL        B
  D:0083H         SYMBOL        DPH
  D:0082H         SYMBOL        DPL
  N:0000H         SYMBOL        IBPSTACK
  N:0100H         SYMBOL        IBPSTACKTOP
  N:0080H         SYMBOL        IDATALEN
  C:00A1H         SYMBOL        IDATALOOP
  N:0000H         SYMBOL        PBPSTACK
  N:0100H         SYMBOL        PBPSTACKTOP
  N:0000H         SYMBOL        PDATALEN
  N:0000H         SYMBOL        PDATASTART
  N:0000H         SYMBOL        PPAGE
  N:0000H         SYMBOL        PPAGEENABLE
  D:00A0H         SYMBOL        PPAGE_SFR
  D:0081H         SYMBOL        SP
  C:009EH         SYMBOL        STARTUP1
  N:0000H         SYMBOL        XBPSTACK
  N:0000H         SYMBOL        XBPSTACKTOP
  N:0000H         SYMBOL        XDATALEN
  N:0000H         SYMBOL        XDATASTART
  C:0000H         LINE#         126
  C:009EH         LINE#         133
  C:00A0H         LINE#         134
  C:00A1H         LINE#         135
  C:00A2H         LINE#         136
  C:00A4H         LINE#         185
  C:00A7H         LINE#         196
  -------         ENDMOD        ?C_STARTUP

  -------         MODULE        TEST
  C:0000H         SYMBOL        _ICE_DUMMY_
  D:0080H         PUBLIC        P0
  D:0090H         PUBLIC        P1
  D:00A0H         PUBLIC        P2
  D:00B0H         PUBLIC        P3
  B:00A8H.7       PUBLIC        EA
  C:01E9H         PUBLIC        segsel
  D:00A8H         PUBLIC        IE
  C:012AH         PUBLIC        InterruptTime0
  D:00B8H         PUBLIC        IP
  D:0009H         PUBLIC        LedBuff
  C:000EH         PUBLIC        main
  B:00A0H.5       PUBLIC        CE573
BL51 BANKED LINKER/LOCATER V6.22                                                      08/06/2018  12:02:34  PAGE 3


  D:0098H         PUBLIC        SCON
  D:0089H         PUBLIC        TMOD
  D:0088H         PUBLIC        TCON
  D:000DH         PUBLIC        cnt
  B:00A8H.1       PUBLIC        ET0
  D:008CH         PUBLIC        TH0
  D:008AH         PUBLIC        TL0
  B:0088H.4       PUBLIC        TR0
  D:00C8H         PUBLIC        T2CON
  C:01DFH         PUBLIC        digseg
  D:00D0H         PUBLIC        PSW
  B:00B0H.2       PUBLIC        key1
  -------         PROC          MAIN
  -------         DO            
  B:0020H.0       SYMBOL        keybk
  D:000EH         SYMBOL        buff
  D:0007H         SYMBOL        j
  -------         ENDDO         
  C:000EH         LINE#         19
  C:000EH         LINE#         20
  C:000EH         LINE#         21
  C:0010H         LINE#         24
  C:0013H         LINE#         25
  C:0016H         LINE#         26
  C:0019H         LINE#         27
  C:001BH         LINE#         28
  C:001DH         LINE#         29
  C:001FH         LINE#         30
  C:0021H         LINE#         31
  C:0028H         LINE#         32
  C:0028H         LINE#         33
  C:0028H         LINE#         34
  C:0030H         LINE#         35
  C:0030H         LINE#         36
  C:0033H         LINE#         37
  C:0033H         LINE#         38
  C:0035H         LINE#         39
  C:003EH         LINE#         40
  C:004BH         LINE#         41
  C:0058H         LINE#         42
  C:006CH         LINE#         43
  C:006EH         LINE#         44
  C:006EH         LINE#         45
  C:0075H         LINE#         46
  C:0075H         LINE#         47
  C:007BH         LINE#         48
  C:007BH         LINE#         50
  C:007BH         LINE#         51
  C:007BH         LINE#         52
  C:007BH         LINE#         53
  C:007DH         LINE#         54
  C:0085H         LINE#         55
  C:0085H         LINE#         56
  C:0095H         LINE#         57
  C:0098H         LINE#         58
  C:0098H         LINE#         59
  C:009CH         LINE#         60
BL51 BANKED LINKER/LOCATER V6.22                                                      08/06/2018  12:02:34  PAGE 4


  C:009CH         LINE#         61
  -------         ENDPROC       MAIN
  -------         PROC          INTERRUPTTIME0
  -------         DO            
  D:0008H         SYMBOL        i
  -------         ENDDO         
  C:012AH         LINE#         64
  C:0132H         LINE#         67
  C:0135H         LINE#         68
  C:0138H         LINE#         69
  C:013BH         LINE#         70
  C:014AH         LINE#         71
  C:014AH         LINE#         72
  C:0158H         LINE#         73
  C:0166H         LINE#         74
  C:0174H         LINE#         75
  C:0181H         LINE#         76
  C:0181H         LINE#         77
  C:0181H         LINE#         78
  -------         ENDPROC       INTERRUPTTIME0
  -------         ENDMOD        TEST

  -------         MODULE        ?C?UIDIV
  C:018AH         PUBLIC        ?C?UIDIV
  -------         ENDMOD        ?C?UIDIV

Program Size: data=19.1 xdata=0 code=498
LINK/LOCATE RUN COMPLETE.  0 WARNING(S),  0 ERROR(S)
